
> my-nextjs-app@0.1.0 build
> node scripts/clean-build.js && next build

≡ƒº╣ Cleaning .next directory for Windows build...

Γ£ô Removed directory: C:\Users\pc\OneDrive\Desktop\Zeva\ZEVA\.next\cache

≡ƒöº Performing Windows-specific cleanup...
Γ£ô Removed directory: C:\Users\pc\OneDrive\Desktop\Zeva\ZEVA\.next
Γ£ô Cleaned .next directory using Node.js

Γ£à Cleanup complete!

   Γû▓ Next.js 15.3.4
   - Environments: .env

   Skipping linting
   Checking validity of types ...
node.exe : Failed to compile.
At line:1 char:1
+ & "C:\Program Files\nodejs/node.exe" "C:\Program 
Files\nodejs/node_mo ...
+ ~~~~~~~~~~~~~~~~~~~~~~~~~~~~~~~~~~~~~~~~~~~~~~~~~~~~~~~~~
~~~~~~~~~~~~
    + CategoryInfo          : NotSpecified: (Failed to com 
   pile.:String) [], RemoteException
    + FullyQualifiedErrorId : NativeCommandError
 

./pages/clinic/register-clinic.tsx:212:30
Type error: 'setSelectedTreatments' is declared but its 
value is never read.

[0m [90m 210 |[39m   })[33m;[39m[0m
[0m [90m 211 |[39m   [36mconst[39m 
[_treatments[33m,[39m setTreatments] [33m=[39m useState
[33m<[39m[33mTreatmentType[39m[][33m>[39m([])[33m;[
39m[0m
[0m[31m[1m>[22m[39m[90m 212 |[39m   [36mconst[39m 
[selectedTreatments[33m,[39m setSelectedTreatments] 
[33m=[39m useState[33m<[39m[0m
[0m [90m     |[39m                              
[31m[1m^[22m[39m[0m
[0m [90m 213 |[39m     ([33mTreatmentType[39m 
[33m|[39m string)[][0m
[0m [90m 214 |[39m   [33m>[39m([])[33m;[39m[0m
[0m [90m 215 |[39m[0m
Next.js build worker exited with code: 1 and signal: null
